gplink-1.4.0 #1107 (Jan  1 2021)
Copyright (c) 1998-2014 gputils project
Listing File Generated: 3-27-2023  23:24:07
 
 
Address  Value    Disassembly              Source
-------  -----    -----------              ------
                                           ;--------------------------------------------------------
                                           ; File Created by SDCC : free open source ANSI-C Compiler
                                           ; Version 4.0.0 #11528 (Linux)
                                           ;--------------------------------------------------------
                                           ; PIC port for the 14-bit core
                                           ;--------------------------------------------------------
                                           ;	.file	"labo1.c"
                                           	list	p=12f683
                                           	radix dec
                                           	include "p12f683.inc"
                                                   LIST
                                           
                                           ;==========================================================================
                                           ; Build date : Aug 07 2014
                                           ;  MPASM PIC12F683 processor include
                                           ; 
                                           ;  (c) Copyright 1999-2014 Microchip Technology, All rights reserved
                                           ;==========================================================================
                                           
                                                   NOLIST
                                           ;--------------------------------------------------------
                                           ; config word(s)
                                           ;--------------------------------------------------------
002007   3fd7     addlw   0xd7             	__config 0x3fd7
                                           ;--------------------------------------------------------
                                           ; external declarations
                                           ;--------------------------------------------------------
                                           	extern	__moduint
                                           	extern	__divuint
                                           	extern	__mulint
                                           	extern	_TRISIO
                                           	extern	_GPIO
                                           	extern	_GPIObits
                                           	extern	__sdcc_gsinit_startup
                                           ;--------------------------------------------------------
                                           ; global declarations
                                           ;--------------------------------------------------------
                                           	global	_main
                                           	global	_get_rand
                                           	global	_led_display
                                           	global	_delay
                                           
                                           	global PSAVE
                                           	global SSAVE
                                           	global WSAVE
                                           	global STK12
                                           	global STK11
                                           	global STK10
                                           	global STK09
                                           	global STK08
                                           	global STK07
                                           	global STK06
                                           	global STK05
                                           	global STK04
                                           	global STK03
                                           	global STK02
                                           	global STK01
                                           	global STK00
                                           
                                           sharebank udata_ovr 0x0070
                                           PSAVE	res 1
                                           SSAVE	res 1
                                           WSAVE	res 1
                                           STK12	res 1
                                           STK11	res 1
                                           STK10	res 1
                                           STK09	res 1
                                           STK08	res 1
                                           STK07	res 1
                                           STK06	res 1
                                           STK05	res 1
                                           STK04	res 1
                                           STK03	res 1
                                           STK02	res 1
                                           STK01	res 1
                                           STK00	res 1
                                           
                                           ;--------------------------------------------------------
                                           ; global definitions
                                           ;--------------------------------------------------------
                                           ;--------------------------------------------------------
                                           ; absolute symbol definitions
                                           ;--------------------------------------------------------
                                           ;--------------------------------------------------------
                                           ; compiler-defined variables
                                           ;--------------------------------------------------------
                                           UDL_labo1_0	udata
                                           r0x1014	res	1
                                           r0x1015	res	1
                                           r0x1017	res	1
                                           r0x1016	res	1
                                           r0x1019	res	1
                                           r0x1018	res	1
                                           r0x100F	res	1
                                           r0x100E	res	1
                                           r0x1011	res	1
                                           r0x1010	res	1
                                           r0x1013	res	1
                                           r0x1012	res	1
                                           r0x100B	res	1
                                           r0x100A	res	1
                                           r0x100D	res	1
                                           r0x100C	res	1
                                           r0x1003	res	1
                                           r0x1002	res	1
                                           r0x1004	res	1
                                           r0x1005	res	1
                                           r0x1006	res	1
                                           r0x1007	res	1
                                           r0x1008	res	1
                                           r0x1009	res	1
                                           ;--------------------------------------------------------
                                           ; initialized data
                                           ;--------------------------------------------------------
                                           
                                           IDD_labo1_0	idata
                                           _get_rand_rand_65536_12
                                           	db	0xe7, 0x03	; 999
                                           
                                           ;--------------------------------------------------------
                                           ; initialized absolute data
                                           ;--------------------------------------------------------
                                           ;--------------------------------------------------------
                                           ; overlayable items in internal ram 
                                           ;--------------------------------------------------------
                                           ;	udata_ovr
                                           ;--------------------------------------------------------
                                           ; reset vector 
                                           ;--------------------------------------------------------
                                           STARTUP	code 0x0000
000000   0000     nop                      	nop
                                           	pagesel __sdcc_gsinit_startup
000001   29c3     goto    0x01c3           	goto	__sdcc_gsinit_startup
                                           ;--------------------------------------------------------
                                           ; code
                                           ;--------------------------------------------------------
                                           code_labo1	code
                                           ;***
                                           ;  pBlock Stats: dbName = M
                                           ;***
                                           ;has an exit
                                           ;functions called:
                                           ;   _get_rand
                                           ;   _get_rand
                                           ;   _led_display
                                           ;   _delay
                                           ;   _led_display
                                           ;   _delay
                                           ;   _led_display
                                           ;   _delay
                                           ;   _led_display
                                           ;   _delay
                                           ;   _led_display
                                           ;   _delay
                                           ;   _led_display
                                           ;   _delay
                                           ;   _led_display
                                           ;   _delay
                                           ;   _led_display
                                           ;   _delay
                                           ;   _led_display
                                           ;   _delay
                                           ;   _led_display
                                           ;   _delay
                                           ;   _get_rand
                                           ;   _get_rand
                                           ;   _led_display
                                           ;   _delay
                                           ;   _led_display
                                           ;   _delay
                                           ;   _led_display
                                           ;   _delay
                                           ;   _led_display
                                           ;   _delay
                                           ;   _led_display
                                           ;   _delay
                                           ;   _led_display
                                           ;   _delay
                                           ;   _led_display
                                           ;   _delay
                                           ;   _led_display
                                           ;   _delay
                                           ;   _led_display
                                           ;   _delay
                                           ;   _led_display
                                           ;   _delay
                                           ;9 compiler assigned registers:
                                           ;   r0x1014
                                           ;   r0x1015
                                           ;   STK02
                                           ;   STK01
                                           ;   STK00
                                           ;   r0x1016
                                           ;   r0x1017
                                           ;   r0x1018
                                           ;   r0x1019
                                           ;; Starting pCode block
                                           S_labo1__main	code
                                           _main:
                                           ; 2 exit points
                                           ;	.line	13; "labo1.c"	TRISIO = 0b00001000; // Poner todos los pines como salidas
00010f   3008     movlw   0x08             	MOVLW	0x08
000110   1683     bsf     0x03, 0x5        	BANKSEL	_TRISIO
000111   0085     movwf   0x05             	MOVWF	_TRISIO
                                           ;	.line	14; "labo1.c"	GPIO = 0x00; //Poner pines en bajo
000112   1283     bcf     0x03, 0x5        	BANKSEL	_GPIO
000113   0185     clrf    0x05             	CLRF	_GPIO
                                           ;	.line	18; "labo1.c"	unsigned int contador = 0;
000114   1683     bsf     0x03, 0x5        	BANKSEL	r0x1014
000115   01a0     clrf    0x20             	CLRF	r0x1014
000116   01a1     clrf    0x21             	CLRF	r0x1015
                                           _00113_DS_:
                                           ;	.line	25; "labo1.c"	numero1 = get_rand(0,9);
000117   3009     movlw   0x09             	MOVLW	0x09
000118   00fd     movwf   0x7d             	MOVWF	STK02
000119   3000     movlw   0x00             	MOVLW	0x00
00011a   00fe     movwf   0x7e             	MOVWF	STK01
00011b   3000     movlw   0x00             	MOVLW	0x00
00011c   00ff     movwf   0x7f             	MOVWF	STK00
00011d   3000     movlw   0x00             	MOVLW	0x00
                                           	PAGESEL	_get_rand
00011e   22e3     call    0x02e3           	CALL	_get_rand
                                           	PAGESEL	$
00011f   1683     bsf     0x03, 0x5        	BANKSEL	r0x1016
000120   00a3     movwf   0x23             	MOVWF	r0x1016
000121   087f     movf    0x7f, 0x0        	MOVF	STK00,W
000122   00a2     movwf   0x22             	MOVWF	r0x1017
                                           ;	.line	26; "labo1.c"	numero2 = get_rand(0,9);
000123   3009     movlw   0x09             	MOVLW	0x09
000124   00fd     movwf   0x7d             	MOVWF	STK02
000125   3000     movlw   0x00             	MOVLW	0x00
000126   00fe     movwf   0x7e             	MOVWF	STK01
000127   3000     movlw   0x00             	MOVLW	0x00
000128   00ff     movwf   0x7f             	MOVWF	STK00
000129   3000     movlw   0x00             	MOVLW	0x00
                                           	PAGESEL	_get_rand
00012a   22e3     call    0x02e3           	CALL	_get_rand
                                           	PAGESEL	$
00012b   1683     bsf     0x03, 0x5        	BANKSEL	r0x1018
00012c   00a5     movwf   0x25             	MOVWF	r0x1018
00012d   087f     movf    0x7f, 0x0        	MOVF	STK00,W
00012e   00a4     movwf   0x24             	MOVWF	r0x1019
                                           ;	.line	30; "labo1.c"	led_display(numero1, 0);
00012f   3000     movlw   0x00             	MOVLW	0x00
000130   00fd     movwf   0x7d             	MOVWF	STK02
000131   3000     movlw   0x00             	MOVLW	0x00
000132   00fe     movwf   0x7e             	MOVWF	STK01
000133   0822     movf    0x22, 0x0        	MOVF	r0x1017,W
000134   00ff     movwf   0x7f             	MOVWF	STK00
000135   0823     movf    0x23, 0x0        	MOVF	r0x1016,W
                                           	PAGESEL	_led_display
000136   2002     call    0x0002           	CALL	_led_display
                                           	PAGESEL	$
                                           ;	.line	31; "labo1.c"	delay(time);
000137   300a     movlw   0x0a             	MOVLW	0x0a
000138   00ff     movwf   0x7f             	MOVWF	STK00
000139   3000     movlw   0x00             	MOVLW	0x00
                                           	PAGESEL	_delay
00013a   23f7     call    0x03f7           	CALL	_delay
                                           	PAGESEL	$
                                           ;	.line	32; "labo1.c"	led_display(numero2, 1);
00013b   3001     movlw   0x01             	MOVLW	0x01
00013c   00fd     movwf   0x7d             	MOVWF	STK02
00013d   3000     movlw   0x00             	MOVLW	0x00
00013e   00fe     movwf   0x7e             	MOVWF	STK01
00013f   1683     bsf     0x03, 0x5        	BANKSEL	r0x1019
000140   0824     movf    0x24, 0x0        	MOVF	r0x1019,W
000141   00ff     movwf   0x7f             	MOVWF	STK00
000142   0825     movf    0x25, 0x0        	MOVF	r0x1018,W
                                           	PAGESEL	_led_display
000143   2002     call    0x0002           	CALL	_led_display
                                           	PAGESEL	$
                                           ;	.line	33; "labo1.c"	delay(time);
000144   300a     movlw   0x0a             	MOVLW	0x0a
000145   00ff     movwf   0x7f             	MOVWF	STK00
000146   3000     movlw   0x00             	MOVLW	0x00
                                           	PAGESEL	_delay
000147   23f7     call    0x03f7           	CALL	_delay
                                           	PAGESEL	$
                                           ;	.line	35; "labo1.c"	if(GP3)  // Cuando el botón está presionado (configuración pull down)
000148   1283     bcf     0x03, 0x5        	BANKSEL	_GPIObits
000149   1d85     btfss   0x05, 0x3        	BTFSS	_GPIObits,3
00014a   2917     goto    0x0117           	GOTO	_00113_DS_
                                           ;	.line	37; "labo1.c"	contador = contador + 1;
00014b   1683     bsf     0x03, 0x5        	BANKSEL	r0x1014
00014c   0aa0     incf    0x20, 0x1        	INCF	r0x1014,F
00014d   1903     btfsc   0x03, 0x2        	BTFSC	STATUS,2
00014e   0aa1     incf    0x21, 0x1        	INCF	r0x1015,F
                                           _00105_DS_:
                                           ;	.line	39; "labo1.c"	while (GP3)
00014f   1283     bcf     0x03, 0x5        	BANKSEL	_GPIObits
000150   1d85     btfss   0x05, 0x3        	BTFSS	_GPIObits,3
000151   296d     goto    0x016d           	GOTO	_00107_DS_
                                           ;	.line	41; "labo1.c"	led_display(numero1, 0);
000152   3000     movlw   0x00             	MOVLW	0x00
000153   00fd     movwf   0x7d             	MOVWF	STK02
000154   3000     movlw   0x00             	MOVLW	0x00
000155   00fe     movwf   0x7e             	MOVWF	STK01
000156   1683     bsf     0x03, 0x5        	BANKSEL	r0x1017
000157   0822     movf    0x22, 0x0        	MOVF	r0x1017,W
000158   00ff     movwf   0x7f             	MOVWF	STK00
000159   0823     movf    0x23, 0x0        	MOVF	r0x1016,W
                                           	PAGESEL	_led_display
00015a   2002     call    0x0002           	CALL	_led_display
                                           	PAGESEL	$
                                           ;	.line	42; "labo1.c"	delay(time);
00015b   300a     movlw   0x0a             	MOVLW	0x0a
00015c   00ff     movwf   0x7f             	MOVWF	STK00
00015d   3000     movlw   0x00             	MOVLW	0x00
                                           	PAGESEL	_delay
00015e   23f7     call    0x03f7           	CALL	_delay
                                           	PAGESEL	$
                                           ;	.line	43; "labo1.c"	led_display(numero2, 1);
00015f   3001     movlw   0x01             	MOVLW	0x01
000160   00fd     movwf   0x7d             	MOVWF	STK02
000161   3000     movlw   0x00             	MOVLW	0x00
000162   00fe     movwf   0x7e             	MOVWF	STK01
000163   1683     bsf     0x03, 0x5        	BANKSEL	r0x1019
000164   0824     movf    0x24, 0x0        	MOVF	r0x1019,W
000165   00ff     movwf   0x7f             	MOVWF	STK00
000166   0825     movf    0x25, 0x0        	MOVF	r0x1018,W
                                           	PAGESEL	_led_display
000167   2002     call    0x0002           	CALL	_led_display
                                           	PAGESEL	$
                                           ;	.line	44; "labo1.c"	delay(time);
000168   300a     movlw   0x0a             	MOVLW	0x0a
000169   00ff     movwf   0x7f             	MOVWF	STK00
00016a   3000     movlw   0x00             	MOVLW	0x00
                                           	PAGESEL	_delay
00016b   23f7     call    0x03f7           	CALL	_delay
                                           	PAGESEL	$
00016c   294f     goto    0x014f           	GOTO	_00105_DS_
                                           _00107_DS_:
                                           ;	.line	47; "labo1.c"	if (contador == 16)
00016d   1683     bsf     0x03, 0x5        	BANKSEL	r0x1014
00016e   0820     movf    0x20, 0x0        	MOVF	r0x1014,W
00016f   3a10     xorlw   0x10             	XORLW	0x10
000170   1d03     btfss   0x03, 0x2        	BTFSS	STATUS,2
000171   2917     goto    0x0117           	GOTO	_00113_DS_
000172   0821     movf    0x21, 0x0        	MOVF	r0x1015,W
000173   3a00     xorlw   0x00             	XORLW	0x00
000174   1d03     btfss   0x03, 0x2        	BTFSS	STATUS,2
000175   2917     goto    0x0117           	GOTO	_00113_DS_
                                           ;	.line	49; "labo1.c"	led_display(9, 0);
000176   3000     movlw   0x00             	MOVLW	0x00
000177   00fd     movwf   0x7d             	MOVWF	STK02
000178   3000     movlw   0x00             	MOVLW	0x00
000179   00fe     movwf   0x7e             	MOVWF	STK01
00017a   3009     movlw   0x09             	MOVLW	0x09
00017b   00ff     movwf   0x7f             	MOVWF	STK00
00017c   3000     movlw   0x00             	MOVLW	0x00
                                           	PAGESEL	_led_display
00017d   2002     call    0x0002           	CALL	_led_display
                                           	PAGESEL	$
                                           ;	.line	50; "labo1.c"	delay(time);
00017e   300a     movlw   0x0a             	MOVLW	0x0a
00017f   00ff     movwf   0x7f             	MOVWF	STK00
000180   3000     movlw   0x00             	MOVLW	0x00
                                           	PAGESEL	_delay
000181   23f7     call    0x03f7           	CALL	_delay
                                           	PAGESEL	$
                                           ;	.line	51; "labo1.c"	led_display(9, 1);
000182   3001     movlw   0x01             	MOVLW	0x01
000183   00fd     movwf   0x7d             	MOVWF	STK02
000184   3000     movlw   0x00             	MOVLW	0x00
000185   00fe     movwf   0x7e             	MOVWF	STK01
000186   3009     movlw   0x09             	MOVLW	0x09
000187   00ff     movwf   0x7f             	MOVWF	STK00
000188   3000     movlw   0x00             	MOVLW	0x00
                                           	PAGESEL	_led_display
000189   2002     call    0x0002           	CALL	_led_display
                                           	PAGESEL	$
                                           ;	.line	52; "labo1.c"	delay(time);
00018a   300a     movlw   0x0a             	MOVLW	0x0a
00018b   00ff     movwf   0x7f             	MOVWF	STK00
00018c   3000     movlw   0x00             	MOVLW	0x00
                                           	PAGESEL	_delay
00018d   23f7     call    0x03f7           	CALL	_delay
                                           	PAGESEL	$
                                           ;	.line	53; "labo1.c"	led_display(9, 0);
00018e   3000     movlw   0x00             	MOVLW	0x00
00018f   00fd     movwf   0x7d             	MOVWF	STK02
000190   3000     movlw   0x00             	MOVLW	0x00
000191   00fe     movwf   0x7e             	MOVWF	STK01
000192   3009     movlw   0x09             	MOVLW	0x09
000193   00ff     movwf   0x7f             	MOVWF	STK00
000194   3000     movlw   0x00             	MOVLW	0x00
                                           	PAGESEL	_led_display
000195   2002     call    0x0002           	CALL	_led_display
                                           	PAGESEL	$
                                           ;	.line	54; "labo1.c"	delay(time);
000196   300a     movlw   0x0a             	MOVLW	0x0a
000197   00ff     movwf   0x7f             	MOVWF	STK00
000198   3000     movlw   0x00             	MOVLW	0x00
                                           	PAGESEL	_delay
000199   23f7     call    0x03f7           	CALL	_delay
                                           	PAGESEL	$
                                           ;	.line	55; "labo1.c"	led_display(9, 1);
00019a   3001     movlw   0x01             	MOVLW	0x01
00019b   00fd     movwf   0x7d             	MOVWF	STK02
00019c   3000     movlw   0x00             	MOVLW	0x00
00019d   00fe     movwf   0x7e             	MOVWF	STK01
00019e   3009     movlw   0x09             	MOVLW	0x09
00019f   00ff     movwf   0x7f             	MOVWF	STK00
0001a0   3000     movlw   0x00             	MOVLW	0x00
                                           	PAGESEL	_led_display
0001a1   2002     call    0x0002           	CALL	_led_display
                                           	PAGESEL	$
                                           ;	.line	56; "labo1.c"	delay(time);
0001a2   300a     movlw   0x0a             	MOVLW	0x0a
0001a3   00ff     movwf   0x7f             	MOVWF	STK00
0001a4   3000     movlw   0x00             	MOVLW	0x00
                                           	PAGESEL	_delay
0001a5   23f7     call    0x03f7           	CALL	_delay
                                           	PAGESEL	$
                                           ;	.line	57; "labo1.c"	led_display(9, 0);
0001a6   3000     movlw   0x00             	MOVLW	0x00
0001a7   00fd     movwf   0x7d             	MOVWF	STK02
0001a8   3000     movlw   0x00             	MOVLW	0x00
0001a9   00fe     movwf   0x7e             	MOVWF	STK01
0001aa   3009     movlw   0x09             	MOVLW	0x09
0001ab   00ff     movwf   0x7f             	MOVWF	STK00
0001ac   3000     movlw   0x00             	MOVLW	0x00
                                           	PAGESEL	_led_display
0001ad   2002     call    0x0002           	CALL	_led_display
                                           	PAGESEL	$
                                           ;	.line	58; "labo1.c"	delay(time);
0001ae   300a     movlw   0x0a             	MOVLW	0x0a
0001af   00ff     movwf   0x7f             	MOVWF	STK00
0001b0   3000     movlw   0x00             	MOVLW	0x00
                                           	PAGESEL	_delay
0001b1   23f7     call    0x03f7           	CALL	_delay
                                           	PAGESEL	$
                                           ;	.line	59; "labo1.c"	led_display(9, 1);
0001b2   3001     movlw   0x01             	MOVLW	0x01
0001b3   00fd     movwf   0x7d             	MOVWF	STK02
0001b4   3000     movlw   0x00             	MOVLW	0x00
0001b5   00fe     movwf   0x7e             	MOVWF	STK01
0001b6   3009     movlw   0x09             	MOVLW	0x09
0001b7   00ff     movwf   0x7f             	MOVWF	STK00
0001b8   3000     movlw   0x00             	MOVLW	0x00
                                           	PAGESEL	_led_display
0001b9   2002     call    0x0002           	CALL	_led_display
                                           	PAGESEL	$
                                           ;	.line	60; "labo1.c"	delay(time);
0001ba   300a     movlw   0x0a             	MOVLW	0x0a
0001bb   00ff     movwf   0x7f             	MOVWF	STK00
0001bc   3000     movlw   0x00             	MOVLW	0x00
                                           	PAGESEL	_delay
0001bd   23f7     call    0x03f7           	CALL	_delay
                                           	PAGESEL	$
                                           ;	.line	61; "labo1.c"	contador = 0;
0001be   1683     bsf     0x03, 0x5        	BANKSEL	r0x1014
0001bf   01a0     clrf    0x20             	CLRF	r0x1014
0001c0   01a1     clrf    0x21             	CLRF	r0x1015
0001c1   2917     goto    0x0117           	GOTO	_00113_DS_
                                           ;	.line	65; "labo1.c"	}
0001c2   0008     return                   	RETURN	
                                           ; exit point of _main
                                           
                                           ;***
                                           ;  pBlock Stats: dbName = C
                                           ;***
                                           ;has an exit
                                           ;9 compiler assigned registers:
                                           ;   r0x1002
                                           ;   STK00
                                           ;   r0x1003
                                           ;   r0x1004
                                           ;   r0x1005
                                           ;   r0x1006
                                           ;   r0x1007
                                           ;   r0x1008
                                           ;   r0x1009
                                           ;; Starting pCode block
                                           S_labo1__delay	code
                                           _delay:
                                           ; 2 exit points
                                           ;	.line	128; "labo1.c"	void delay(unsigned int tiempo)
0003f7   1683     bsf     0x03, 0x5        	BANKSEL	r0x1002
0003f8   00b1     movwf   0x31             	MOVWF	r0x1002
0003f9   087f     movf    0x7f, 0x0        	MOVF	STK00,W
0003fa   00b0     movwf   0x30             	MOVWF	r0x1003
                                           ;	.line	133; "labo1.c"	for(i=0;i<tiempo;i++)
0003fb   01b2     clrf    0x32             	CLRF	r0x1004
0003fc   01b3     clrf    0x33             	CLRF	r0x1005
                                           _00196_DS_:
0003fd   1683     bsf     0x03, 0x5        	BANKSEL	r0x1002
0003fe   0831     movf    0x31, 0x0        	MOVF	r0x1002,W
0003ff   0233     subwf   0x33, 0x0        	SUBWF	r0x1005,W
000400   1d03     btfss   0x03, 0x2        	BTFSS	STATUS,2
000401   2c04     goto    0x0404           	GOTO	_00217_DS_
000402   0830     movf    0x30, 0x0        	MOVF	r0x1003,W
000403   0232     subwf   0x32, 0x0        	SUBWF	r0x1004,W
                                           _00217_DS_:
000404   1803     btfsc   0x03, 0x0        	BTFSC	STATUS,0
000405   2c21     goto    0x0421           	GOTO	_00198_DS_
                                           ;;genSkipc:3307: created from rifx:0x7ffff2b3d6a0
                                           ;	.line	134; "labo1.c"	for(j=0;j<1275;j++);
000406   30fb     movlw   0xfb             	MOVLW	0xfb
000407   1683     bsf     0x03, 0x5        	BANKSEL	r0x1006
000408   00b4     movwf   0x34             	MOVWF	r0x1006
000409   3004     movlw   0x04             	MOVLW	0x04
00040a   00b5     movwf   0x35             	MOVWF	r0x1007
                                           _00194_DS_:
00040b   30ff     movlw   0xff             	MOVLW	0xff
00040c   1683     bsf     0x03, 0x5        	BANKSEL	r0x1006
00040d   0734     addwf   0x34, 0x0        	ADDWF	r0x1006,W
00040e   00b6     movwf   0x36             	MOVWF	r0x1008
00040f   30ff     movlw   0xff             	MOVLW	0xff
000410   00b7     movwf   0x37             	MOVWF	r0x1009
000411   0835     movf    0x35, 0x0        	MOVF	r0x1007,W
000412   1803     btfsc   0x03, 0x0        	BTFSC	STATUS,0
000413   0f35     incfsz  0x35, 0x0        	INCFSZ	r0x1007,W
000414   07b7     addwf   0x37, 0x1        	ADDWF	r0x1009,F
000415   0836     movf    0x36, 0x0        	MOVF	r0x1008,W
000416   00b4     movwf   0x34             	MOVWF	r0x1006
000417   0837     movf    0x37, 0x0        	MOVF	r0x1009,W
000418   00b5     movwf   0x35             	MOVWF	r0x1007
000419   0837     movf    0x37, 0x0        	MOVF	r0x1009,W
00041a   0436     iorwf   0x36, 0x0        	IORWF	r0x1008,W
00041b   1d03     btfss   0x03, 0x2        	BTFSS	STATUS,2
00041c   2c0b     goto    0x040b           	GOTO	_00194_DS_
                                           ;	.line	133; "labo1.c"	for(i=0;i<tiempo;i++)
00041d   0ab2     incf    0x32, 0x1        	INCF	r0x1004,F
00041e   1903     btfsc   0x03, 0x2        	BTFSC	STATUS,2
00041f   0ab3     incf    0x33, 0x1        	INCF	r0x1005,F
000420   2bfd     goto    0x03fd           	GOTO	_00196_DS_
                                           _00198_DS_:
                                           ;	.line	135; "labo1.c"	}
000421   0008     return                   	RETURN	
                                           ; exit point of _delay
                                           
                                           ;***
                                           ;  pBlock Stats: dbName = C
                                           ;***
                                           ;has an exit
                                           ;7 compiler assigned registers:
                                           ;   r0x100A
                                           ;   STK00
                                           ;   r0x100B
                                           ;   STK01
                                           ;   r0x100C
                                           ;   STK02
                                           ;   r0x100D
                                           ;; Starting pCode block
                                           S_labo1__led_display	code
                                           _led_display:
                                           ; 2 exit points
                                           ;	.line	79; "labo1.c"	void led_display(int valor, int display)
000002   1683     bsf     0x03, 0x5        	BANKSEL	r0x100A
000003   00ad     movwf   0x2d             	MOVWF	r0x100A
000004   087f     movf    0x7f, 0x0        	MOVF	STK00,W
000005   00ac     movwf   0x2c             	MOVWF	r0x100B
000006   087e     movf    0x7e, 0x0        	MOVF	STK01,W
000007   00af     movwf   0x2f             	MOVWF	r0x100C
000008   087d     movf    0x7d, 0x0        	MOVF	STK02,W
                                           ;	.line	81; "labo1.c"	if (display == 0)
000009   00ae     movwf   0x2e             	MOVWF	r0x100D
00000a   042f     iorwf   0x2f, 0x0        	IORWF	r0x100C,W
00000b   1d03     btfss   0x03, 0x2        	BTFSS	STATUS,2
00000c   2889     goto    0x0089           	GOTO	_00183_DS_
                                           ;	.line	83; "labo1.c"	if (valor == 0) GPIO = 0b00000000;
00000d   082d     movf    0x2d, 0x0        	MOVF	r0x100A,W
00000e   042c     iorwf   0x2c, 0x0        	IORWF	r0x100B,W
00000f   1d03     btfss   0x03, 0x2        	BTFSS	STATUS,2
000010   2814     goto    0x0014           	GOTO	_00149_DS_
000011   1283     bcf     0x03, 0x5        	BANKSEL	_GPIO
000012   0185     clrf    0x05             	CLRF	_GPIO
000013   290e     goto    0x010e           	GOTO	_00185_DS_
                                           _00149_DS_:
                                           ;	.line	85; "labo1.c"	else if (valor == 1) GPIO = 0b00000001; 
000014   1683     bsf     0x03, 0x5        	BANKSEL	r0x100B
000015   082c     movf    0x2c, 0x0        	MOVF	r0x100B,W
000016   3a01     xorlw   0x01             	XORLW	0x01
000017   1d03     btfss   0x03, 0x2        	BTFSS	STATUS,2
000018   2821     goto    0x0021           	GOTO	_00146_DS_
000019   082d     movf    0x2d, 0x0        	MOVF	r0x100A,W
00001a   3a00     xorlw   0x00             	XORLW	0x00
00001b   1d03     btfss   0x03, 0x2        	BTFSS	STATUS,2
00001c   2821     goto    0x0021           	GOTO	_00146_DS_
00001d   3001     movlw   0x01             	MOVLW	0x01
00001e   1283     bcf     0x03, 0x5        	BANKSEL	_GPIO
00001f   0085     movwf   0x05             	MOVWF	_GPIO
000020   290e     goto    0x010e           	GOTO	_00185_DS_
                                           _00146_DS_:
                                           ;	.line	87; "labo1.c"	else if (valor == 2) GPIO = 0b00000010; 
000021   1683     bsf     0x03, 0x5        	BANKSEL	r0x100B
000022   082c     movf    0x2c, 0x0        	MOVF	r0x100B,W
000023   3a02     xorlw   0x02             	XORLW	0x02
000024   1d03     btfss   0x03, 0x2        	BTFSS	STATUS,2
000025   282e     goto    0x002e           	GOTO	_00143_DS_
000026   082d     movf    0x2d, 0x0        	MOVF	r0x100A,W
000027   3a00     xorlw   0x00             	XORLW	0x00
000028   1d03     btfss   0x03, 0x2        	BTFSS	STATUS,2
000029   282e     goto    0x002e           	GOTO	_00143_DS_
00002a   3002     movlw   0x02             	MOVLW	0x02
00002b   1283     bcf     0x03, 0x5        	BANKSEL	_GPIO
00002c   0085     movwf   0x05             	MOVWF	_GPIO
00002d   290e     goto    0x010e           	GOTO	_00185_DS_
                                           _00143_DS_:
                                           ;	.line	89; "labo1.c"	else if (valor == 3) GPIO = 0b00000011;
00002e   1683     bsf     0x03, 0x5        	BANKSEL	r0x100B
00002f   082c     movf    0x2c, 0x0        	MOVF	r0x100B,W
000030   3a03     xorlw   0x03             	XORLW	0x03
000031   1d03     btfss   0x03, 0x2        	BTFSS	STATUS,2
000032   283b     goto    0x003b           	GOTO	_00140_DS_
000033   082d     movf    0x2d, 0x0        	MOVF	r0x100A,W
000034   3a00     xorlw   0x00             	XORLW	0x00
000035   1d03     btfss   0x03, 0x2        	BTFSS	STATUS,2
000036   283b     goto    0x003b           	GOTO	_00140_DS_
000037   3003     movlw   0x03             	MOVLW	0x03
000038   1283     bcf     0x03, 0x5        	BANKSEL	_GPIO
000039   0085     movwf   0x05             	MOVWF	_GPIO
00003a   290e     goto    0x010e           	GOTO	_00185_DS_
                                           _00140_DS_:
                                           ;	.line	91; "labo1.c"	else if (valor == 4) GPIO = 0b00000100;
00003b   1683     bsf     0x03, 0x5        	BANKSEL	r0x100B
00003c   082c     movf    0x2c, 0x0        	MOVF	r0x100B,W
00003d   3a04     xorlw   0x04             	XORLW	0x04
00003e   1d03     btfss   0x03, 0x2        	BTFSS	STATUS,2
00003f   2848     goto    0x0048           	GOTO	_00137_DS_
000040   082d     movf    0x2d, 0x0        	MOVF	r0x100A,W
000041   3a00     xorlw   0x00             	XORLW	0x00
000042   1d03     btfss   0x03, 0x2        	BTFSS	STATUS,2
000043   2848     goto    0x0048           	GOTO	_00137_DS_
000044   3004     movlw   0x04             	MOVLW	0x04
000045   1283     bcf     0x03, 0x5        	BANKSEL	_GPIO
000046   0085     movwf   0x05             	MOVWF	_GPIO
000047   290e     goto    0x010e           	GOTO	_00185_DS_
                                           _00137_DS_:
                                           ;	.line	93; "labo1.c"	else if (valor == 5) GPIO = 0b00000101;
000048   1683     bsf     0x03, 0x5        	BANKSEL	r0x100B
000049   082c     movf    0x2c, 0x0        	MOVF	r0x100B,W
00004a   3a05     xorlw   0x05             	XORLW	0x05
00004b   1d03     btfss   0x03, 0x2        	BTFSS	STATUS,2
00004c   2855     goto    0x0055           	GOTO	_00134_DS_
00004d   082d     movf    0x2d, 0x0        	MOVF	r0x100A,W
00004e   3a00     xorlw   0x00             	XORLW	0x00
00004f   1d03     btfss   0x03, 0x2        	BTFSS	STATUS,2
000050   2855     goto    0x0055           	GOTO	_00134_DS_
000051   3005     movlw   0x05             	MOVLW	0x05
000052   1283     bcf     0x03, 0x5        	BANKSEL	_GPIO
000053   0085     movwf   0x05             	MOVWF	_GPIO
000054   290e     goto    0x010e           	GOTO	_00185_DS_
                                           _00134_DS_:
                                           ;	.line	95; "labo1.c"	else if (valor == 6) GPIO = 0b00000110;
000055   1683     bsf     0x03, 0x5        	BANKSEL	r0x100B
000056   082c     movf    0x2c, 0x0        	MOVF	r0x100B,W
000057   3a06     xorlw   0x06             	XORLW	0x06
000058   1d03     btfss   0x03, 0x2        	BTFSS	STATUS,2
000059   2862     goto    0x0062           	GOTO	_00131_DS_
00005a   082d     movf    0x2d, 0x0        	MOVF	r0x100A,W
00005b   3a00     xorlw   0x00             	XORLW	0x00
00005c   1d03     btfss   0x03, 0x2        	BTFSS	STATUS,2
00005d   2862     goto    0x0062           	GOTO	_00131_DS_
00005e   3006     movlw   0x06             	MOVLW	0x06
00005f   1283     bcf     0x03, 0x5        	BANKSEL	_GPIO
000060   0085     movwf   0x05             	MOVWF	_GPIO
000061   290e     goto    0x010e           	GOTO	_00185_DS_
                                           _00131_DS_:
                                           ;	.line	97; "labo1.c"	else if (valor == 7) GPIO = 0b00000111;
000062   1683     bsf     0x03, 0x5        	BANKSEL	r0x100B
000063   082c     movf    0x2c, 0x0        	MOVF	r0x100B,W
000064   3a07     xorlw   0x07             	XORLW	0x07
000065   1d03     btfss   0x03, 0x2        	BTFSS	STATUS,2
000066   286f     goto    0x006f           	GOTO	_00128_DS_
000067   082d     movf    0x2d, 0x0        	MOVF	r0x100A,W
000068   3a00     xorlw   0x00             	XORLW	0x00
000069   1d03     btfss   0x03, 0x2        	BTFSS	STATUS,2
00006a   286f     goto    0x006f           	GOTO	_00128_DS_
00006b   3007     movlw   0x07             	MOVLW	0x07
00006c   1283     bcf     0x03, 0x5        	BANKSEL	_GPIO
00006d   0085     movwf   0x05             	MOVWF	_GPIO
00006e   290e     goto    0x010e           	GOTO	_00185_DS_
                                           _00128_DS_:
                                           ;	.line	99; "labo1.c"	else if (valor == 8) GPIO = 0b00010000;
00006f   1683     bsf     0x03, 0x5        	BANKSEL	r0x100B
000070   082c     movf    0x2c, 0x0        	MOVF	r0x100B,W
000071   3a08     xorlw   0x08             	XORLW	0x08
000072   1d03     btfss   0x03, 0x2        	BTFSS	STATUS,2
000073   287c     goto    0x007c           	GOTO	_00125_DS_
000074   082d     movf    0x2d, 0x0        	MOVF	r0x100A,W
000075   3a00     xorlw   0x00             	XORLW	0x00
000076   1d03     btfss   0x03, 0x2        	BTFSS	STATUS,2
000077   287c     goto    0x007c           	GOTO	_00125_DS_
000078   3010     movlw   0x10             	MOVLW	0x10
000079   1283     bcf     0x03, 0x5        	BANKSEL	_GPIO
00007a   0085     movwf   0x05             	MOVWF	_GPIO
00007b   290e     goto    0x010e           	GOTO	_00185_DS_
                                           _00125_DS_:
                                           ;	.line	101; "labo1.c"	else if (valor == 9) GPIO = 0b00010001;
00007c   1683     bsf     0x03, 0x5        	BANKSEL	r0x100B
00007d   082c     movf    0x2c, 0x0        	MOVF	r0x100B,W
00007e   3a09     xorlw   0x09             	XORLW	0x09
00007f   1d03     btfss   0x03, 0x2        	BTFSS	STATUS,2
000080   290e     goto    0x010e           	GOTO	_00185_DS_
000081   082d     movf    0x2d, 0x0        	MOVF	r0x100A,W
000082   3a00     xorlw   0x00             	XORLW	0x00
000083   1d03     btfss   0x03, 0x2        	BTFSS	STATUS,2
000084   290e     goto    0x010e           	GOTO	_00185_DS_
000085   3011     movlw   0x11             	MOVLW	0x11
000086   1283     bcf     0x03, 0x5        	BANKSEL	_GPIO
000087   0085     movwf   0x05             	MOVWF	_GPIO
000088   290e     goto    0x010e           	GOTO	_00185_DS_
                                           _00183_DS_:
                                           ;	.line	104; "labo1.c"	else if (display == 1)
000089   1683     bsf     0x03, 0x5        	BANKSEL	r0x100D
00008a   082e     movf    0x2e, 0x0        	MOVF	r0x100D,W
00008b   3a01     xorlw   0x01             	XORLW	0x01
00008c   1d03     btfss   0x03, 0x2        	BTFSS	STATUS,2
00008d   290e     goto    0x010e           	GOTO	_00185_DS_
00008e   082f     movf    0x2f, 0x0        	MOVF	r0x100C,W
00008f   3a00     xorlw   0x00             	XORLW	0x00
000090   1d03     btfss   0x03, 0x2        	BTFSS	STATUS,2
000091   290e     goto    0x010e           	GOTO	_00185_DS_
                                           ;	.line	106; "labo1.c"	if (valor == 0) GPIO = 0b00100000;
000092   082d     movf    0x2d, 0x0        	MOVF	r0x100A,W
000093   042c     iorwf   0x2c, 0x0        	IORWF	r0x100B,W
000094   1d03     btfss   0x03, 0x2        	BTFSS	STATUS,2
000095   289a     goto    0x009a           	GOTO	_00178_DS_
000096   3020     movlw   0x20             	MOVLW	0x20
000097   1283     bcf     0x03, 0x5        	BANKSEL	_GPIO
000098   0085     movwf   0x05             	MOVWF	_GPIO
000099   290e     goto    0x010e           	GOTO	_00185_DS_
                                           _00178_DS_:
                                           ;	.line	108; "labo1.c"	else if (valor == 1) GPIO = 0b00100001; 
00009a   1683     bsf     0x03, 0x5        	BANKSEL	r0x100B
00009b   082c     movf    0x2c, 0x0        	MOVF	r0x100B,W
00009c   3a01     xorlw   0x01             	XORLW	0x01
00009d   1d03     btfss   0x03, 0x2        	BTFSS	STATUS,2
00009e   28a7     goto    0x00a7           	GOTO	_00175_DS_
00009f   082d     movf    0x2d, 0x0        	MOVF	r0x100A,W
0000a0   3a00     xorlw   0x00             	XORLW	0x00
0000a1   1d03     btfss   0x03, 0x2        	BTFSS	STATUS,2
0000a2   28a7     goto    0x00a7           	GOTO	_00175_DS_
0000a3   3021     movlw   0x21             	MOVLW	0x21
0000a4   1283     bcf     0x03, 0x5        	BANKSEL	_GPIO
0000a5   0085     movwf   0x05             	MOVWF	_GPIO
0000a6   290e     goto    0x010e           	GOTO	_00185_DS_
                                           _00175_DS_:
                                           ;	.line	110; "labo1.c"	else if (valor == 2) GPIO = 0b00100010; 
0000a7   1683     bsf     0x03, 0x5        	BANKSEL	r0x100B
0000a8   082c     movf    0x2c, 0x0        	MOVF	r0x100B,W
0000a9   3a02     xorlw   0x02             	XORLW	0x02
0000aa   1d03     btfss   0x03, 0x2        	BTFSS	STATUS,2
0000ab   28b4     goto    0x00b4           	GOTO	_00172_DS_
0000ac   082d     movf    0x2d, 0x0        	MOVF	r0x100A,W
0000ad   3a00     xorlw   0x00             	XORLW	0x00
0000ae   1d03     btfss   0x03, 0x2        	BTFSS	STATUS,2
0000af   28b4     goto    0x00b4           	GOTO	_00172_DS_
0000b0   3022     movlw   0x22             	MOVLW	0x22
0000b1   1283     bcf     0x03, 0x5        	BANKSEL	_GPIO
0000b2   0085     movwf   0x05             	MOVWF	_GPIO
0000b3   290e     goto    0x010e           	GOTO	_00185_DS_
                                           _00172_DS_:
                                           ;	.line	112; "labo1.c"	else if (valor == 3) GPIO = 0b00100011;
0000b4   1683     bsf     0x03, 0x5        	BANKSEL	r0x100B
0000b5   082c     movf    0x2c, 0x0        	MOVF	r0x100B,W
0000b6   3a03     xorlw   0x03             	XORLW	0x03
0000b7   1d03     btfss   0x03, 0x2        	BTFSS	STATUS,2
0000b8   28c1     goto    0x00c1           	GOTO	_00169_DS_
0000b9   082d     movf    0x2d, 0x0        	MOVF	r0x100A,W
0000ba   3a00     xorlw   0x00             	XORLW	0x00
0000bb   1d03     btfss   0x03, 0x2        	BTFSS	STATUS,2
0000bc   28c1     goto    0x00c1           	GOTO	_00169_DS_
0000bd   3023     movlw   0x23             	MOVLW	0x23
0000be   1283     bcf     0x03, 0x5        	BANKSEL	_GPIO
0000bf   0085     movwf   0x05             	MOVWF	_GPIO
0000c0   290e     goto    0x010e           	GOTO	_00185_DS_
                                           _00169_DS_:
                                           ;	.line	114; "labo1.c"	else if (valor == 4) GPIO = 0b00100100;
0000c1   1683     bsf     0x03, 0x5        	BANKSEL	r0x100B
0000c2   082c     movf    0x2c, 0x0        	MOVF	r0x100B,W
0000c3   3a04     xorlw   0x04             	XORLW	0x04
0000c4   1d03     btfss   0x03, 0x2        	BTFSS	STATUS,2
0000c5   28ce     goto    0x00ce           	GOTO	_00166_DS_
0000c6   082d     movf    0x2d, 0x0        	MOVF	r0x100A,W
0000c7   3a00     xorlw   0x00             	XORLW	0x00
0000c8   1d03     btfss   0x03, 0x2        	BTFSS	STATUS,2
0000c9   28ce     goto    0x00ce           	GOTO	_00166_DS_
0000ca   3024     movlw   0x24             	MOVLW	0x24
0000cb   1283     bcf     0x03, 0x5        	BANKSEL	_GPIO
0000cc   0085     movwf   0x05             	MOVWF	_GPIO
0000cd   290e     goto    0x010e           	GOTO	_00185_DS_
                                           _00166_DS_:
                                           ;	.line	116; "labo1.c"	else if (valor == 5) GPIO = 0b00100101;
0000ce   1683     bsf     0x03, 0x5        	BANKSEL	r0x100B
0000cf   082c     movf    0x2c, 0x0        	MOVF	r0x100B,W
0000d0   3a05     xorlw   0x05             	XORLW	0x05
0000d1   1d03     btfss   0x03, 0x2        	BTFSS	STATUS,2
0000d2   28db     goto    0x00db           	GOTO	_00163_DS_
0000d3   082d     movf    0x2d, 0x0        	MOVF	r0x100A,W
0000d4   3a00     xorlw   0x00             	XORLW	0x00
0000d5   1d03     btfss   0x03, 0x2        	BTFSS	STATUS,2
0000d6   28db     goto    0x00db           	GOTO	_00163_DS_
0000d7   3025     movlw   0x25             	MOVLW	0x25
0000d8   1283     bcf     0x03, 0x5        	BANKSEL	_GPIO
0000d9   0085     movwf   0x05             	MOVWF	_GPIO
0000da   290e     goto    0x010e           	GOTO	_00185_DS_
                                           _00163_DS_:
                                           ;	.line	118; "labo1.c"	else if (valor == 6) GPIO = 0b00100110;
0000db   1683     bsf     0x03, 0x5        	BANKSEL	r0x100B
0000dc   082c     movf    0x2c, 0x0        	MOVF	r0x100B,W
0000dd   3a06     xorlw   0x06             	XORLW	0x06
0000de   1d03     btfss   0x03, 0x2        	BTFSS	STATUS,2
0000df   28e8     goto    0x00e8           	GOTO	_00160_DS_
0000e0   082d     movf    0x2d, 0x0        	MOVF	r0x100A,W
0000e1   3a00     xorlw   0x00             	XORLW	0x00
0000e2   1d03     btfss   0x03, 0x2        	BTFSS	STATUS,2
0000e3   28e8     goto    0x00e8           	GOTO	_00160_DS_
0000e4   3026     movlw   0x26             	MOVLW	0x26
0000e5   1283     bcf     0x03, 0x5        	BANKSEL	_GPIO
0000e6   0085     movwf   0x05             	MOVWF	_GPIO
0000e7   290e     goto    0x010e           	GOTO	_00185_DS_
                                           _00160_DS_:
                                           ;	.line	120; "labo1.c"	else if (valor == 7) GPIO = 0b00100111;
0000e8   1683     bsf     0x03, 0x5        	BANKSEL	r0x100B
0000e9   082c     movf    0x2c, 0x0        	MOVF	r0x100B,W
0000ea   3a07     xorlw   0x07             	XORLW	0x07
0000eb   1d03     btfss   0x03, 0x2        	BTFSS	STATUS,2
0000ec   28f5     goto    0x00f5           	GOTO	_00157_DS_
0000ed   082d     movf    0x2d, 0x0        	MOVF	r0x100A,W
0000ee   3a00     xorlw   0x00             	XORLW	0x00
0000ef   1d03     btfss   0x03, 0x2        	BTFSS	STATUS,2
0000f0   28f5     goto    0x00f5           	GOTO	_00157_DS_
0000f1   3027     movlw   0x27             	MOVLW	0x27
0000f2   1283     bcf     0x03, 0x5        	BANKSEL	_GPIO
0000f3   0085     movwf   0x05             	MOVWF	_GPIO
0000f4   290e     goto    0x010e           	GOTO	_00185_DS_
                                           _00157_DS_:
                                           ;	.line	122; "labo1.c"	else if (valor == 8) GPIO = 0b00110000;
0000f5   1683     bsf     0x03, 0x5        	BANKSEL	r0x100B
0000f6   082c     movf    0x2c, 0x0        	MOVF	r0x100B,W
0000f7   3a08     xorlw   0x08             	XORLW	0x08
0000f8   1d03     btfss   0x03, 0x2        	BTFSS	STATUS,2
0000f9   2902     goto    0x0102           	GOTO	_00154_DS_
0000fa   082d     movf    0x2d, 0x0        	MOVF	r0x100A,W
0000fb   3a00     xorlw   0x00             	XORLW	0x00
0000fc   1d03     btfss   0x03, 0x2        	BTFSS	STATUS,2
0000fd   2902     goto    0x0102           	GOTO	_00154_DS_
0000fe   3030     movlw   0x30             	MOVLW	0x30
0000ff   1283     bcf     0x03, 0x5        	BANKSEL	_GPIO
000100   0085     movwf   0x05             	MOVWF	_GPIO
000101   290e     goto    0x010e           	GOTO	_00185_DS_
                                           _00154_DS_:
                                           ;	.line	124; "labo1.c"	else if (valor == 9) GPIO = 0b00110001;
000102   1683     bsf     0x03, 0x5        	BANKSEL	r0x100B
000103   082c     movf    0x2c, 0x0        	MOVF	r0x100B,W
000104   3a09     xorlw   0x09             	XORLW	0x09
000105   1d03     btfss   0x03, 0x2        	BTFSS	STATUS,2
000106   290e     goto    0x010e           	GOTO	_00185_DS_
000107   082d     movf    0x2d, 0x0        	MOVF	r0x100A,W
000108   3a00     xorlw   0x00             	XORLW	0x00
000109   1d03     btfss   0x03, 0x2        	BTFSS	STATUS,2
00010a   290e     goto    0x010e           	GOTO	_00185_DS_
00010b   3031     movlw   0x31             	MOVLW	0x31
00010c   1283     bcf     0x03, 0x5        	BANKSEL	_GPIO
00010d   0085     movwf   0x05             	MOVWF	_GPIO
                                           _00185_DS_:
                                           ;	.line	126; "labo1.c"	}
00010e   0008     return                   	RETURN	
                                           ; exit point of _led_display
                                           
                                           ;***
                                           ;  pBlock Stats: dbName = C
                                           ;***
                                           ;has an exit
                                           ;functions called:
                                           ;   __mulint
                                           ;   __divuint
                                           ;   __moduint
                                           ;   __moduint
                                           ;   __mulint
                                           ;   __divuint
                                           ;   __moduint
                                           ;   __moduint
                                           ;9 compiler assigned registers:
                                           ;   r0x100E
                                           ;   STK00
                                           ;   r0x100F
                                           ;   STK01
                                           ;   r0x1010
                                           ;   STK02
                                           ;   r0x1011
                                           ;   r0x1012
                                           ;   r0x1013
                                           ;; Starting pCode block
                                           S_labo1__get_rand	code
                                           _get_rand:
                                           ; 2 exit points
                                           ;	.line	68; "labo1.c"	unsigned int get_rand(unsigned int min, unsigned int max)
0002e3   1683     bsf     0x03, 0x5        	BANKSEL	r0x100E
0002e4   00a7     movwf   0x27             	MOVWF	r0x100E
0002e5   087f     movf    0x7f, 0x0        	MOVF	STK00,W
0002e6   00a6     movwf   0x26             	MOVWF	r0x100F
0002e7   087e     movf    0x7e, 0x0        	MOVF	STK01,W
0002e8   00a9     movwf   0x29             	MOVWF	r0x1010
0002e9   087d     movf    0x7d, 0x0        	MOVF	STK02,W
0002ea   00a8     movwf   0x28             	MOVWF	r0x1011
                                           ;	.line	72; "labo1.c"	rand += ((rand * rand) /100) % 10000;
0002eb   1283     bcf     0x03, 0x5        	BANKSEL	_get_rand_rand_65536_12
0002ec   0844     movf    0x44, 0x0        	MOVF	_get_rand_rand_65536_12,W
0002ed   00fd     movwf   0x7d             	MOVWF	STK02
0002ee   0845     movf    0x45, 0x0        	MOVF	(_get_rand_rand_65536_12 + 1),W
0002ef   00fe     movwf   0x7e             	MOVWF	STK01
0002f0   0844     movf    0x44, 0x0        	MOVF	_get_rand_rand_65536_12,W
0002f1   00ff     movwf   0x7f             	MOVWF	STK00
0002f2   0845     movf    0x45, 0x0        	MOVF	(_get_rand_rand_65536_12 + 1),W
                                           	PAGESEL	__mulint
0002f3   225f     call    0x025f           	CALL	__mulint
                                           	PAGESEL	$
0002f4   1683     bsf     0x03, 0x5        	BANKSEL	r0x1012
0002f5   00ab     movwf   0x2b             	MOVWF	r0x1012
0002f6   087f     movf    0x7f, 0x0        	MOVF	STK00,W
0002f7   00aa     movwf   0x2a             	MOVWF	r0x1013
0002f8   3064     movlw   0x64             	MOVLW	0x64
0002f9   00fd     movwf   0x7d             	MOVWF	STK02
0002fa   3000     movlw   0x00             	MOVLW	0x00
0002fb   00fe     movwf   0x7e             	MOVWF	STK01
0002fc   082a     movf    0x2a, 0x0        	MOVF	r0x1013,W
0002fd   00ff     movwf   0x7f             	MOVWF	STK00
0002fe   082b     movf    0x2b, 0x0        	MOVF	r0x1012,W
                                           	PAGESEL	__divuint
0002ff   2389     call    0x0389           	CALL	__divuint
                                           	PAGESEL	$
000300   1683     bsf     0x03, 0x5        	BANKSEL	r0x1012
000301   00ab     movwf   0x2b             	MOVWF	r0x1012
000302   087f     movf    0x7f, 0x0        	MOVF	STK00,W
000303   00aa     movwf   0x2a             	MOVWF	r0x1013
000304   3010     movlw   0x10             	MOVLW	0x10
000305   00fd     movwf   0x7d             	MOVWF	STK02
000306   3027     movlw   0x27             	MOVLW	0x27
000307   00fe     movwf   0x7e             	MOVWF	STK01
000308   082a     movf    0x2a, 0x0        	MOVF	r0x1013,W
000309   00ff     movwf   0x7f             	MOVWF	STK00
00030a   082b     movf    0x2b, 0x0        	MOVF	r0x1012,W
                                           	PAGESEL	__moduint
00030b   233c     call    0x033c           	CALL	__moduint
                                           	PAGESEL	$
00030c   1683     bsf     0x03, 0x5        	BANKSEL	r0x1012
00030d   00ab     movwf   0x2b             	MOVWF	r0x1012
00030e   087f     movf    0x7f, 0x0        	MOVF	STK00,W
00030f   00aa     movwf   0x2a             	MOVWF	r0x1013
000310   1283     bcf     0x03, 0x5        	BANKSEL	_get_rand_rand_65536_12
000311   07c4     addwf   0x44, 0x1        	ADDWF	_get_rand_rand_65536_12,F
000312   1683     bsf     0x03, 0x5        	BANKSEL	r0x1012
000313   082b     movf    0x2b, 0x0        	MOVF	r0x1012,W
000314   1803     btfsc   0x03, 0x0        	BTFSC	STATUS,0
000315   0a2b     incf    0x2b, 0x0        	INCF	r0x1012,W
000316   1903     btfsc   0x03, 0x2        	BTFSC	STATUS,2
000317   2b1a     goto    0x031a           	GOTO	_00001_DS_
000318   1283     bcf     0x03, 0x5        	BANKSEL	_get_rand_rand_65536_12
000319   07c5     addwf   0x45, 0x1        	ADDWF	(_get_rand_rand_65536_12 + 1),F
                                           _00001_DS_:
                                           ;	.line	74; "labo1.c"	return rand % (max+1-min)+min;
00031a   1683     bsf     0x03, 0x5        	BANKSEL	r0x1011
00031b   0aa8     incf    0x28, 0x1        	INCF	r0x1011,F
00031c   1903     btfsc   0x03, 0x2        	BTFSC	STATUS,2
00031d   0aa9     incf    0x29, 0x1        	INCF	r0x1010,F
00031e   0826     movf    0x26, 0x0        	MOVF	r0x100F,W
00031f   02a8     subwf   0x28, 0x1        	SUBWF	r0x1011,F
000320   0827     movf    0x27, 0x0        	MOVF	r0x100E,W
000321   1c03     btfss   0x03, 0x0        	BTFSS	STATUS,0
000322   0f27     incfsz  0x27, 0x0        	INCFSZ	r0x100E,W
000323   02a9     subwf   0x29, 0x1        	SUBWF	r0x1010,F
000324   0828     movf    0x28, 0x0        	MOVF	r0x1011,W
000325   00fd     movwf   0x7d             	MOVWF	STK02
000326   0829     movf    0x29, 0x0        	MOVF	r0x1010,W
000327   00fe     movwf   0x7e             	MOVWF	STK01
000328   1283     bcf     0x03, 0x5        	BANKSEL	_get_rand_rand_65536_12
000329   0844     movf    0x44, 0x0        	MOVF	_get_rand_rand_65536_12,W
00032a   00ff     movwf   0x7f             	MOVWF	STK00
00032b   0845     movf    0x45, 0x0        	MOVF	(_get_rand_rand_65536_12 + 1),W
                                           	PAGESEL	__moduint
00032c   233c     call    0x033c           	CALL	__moduint
                                           	PAGESEL	$
00032d   1683     bsf     0x03, 0x5        	BANKSEL	r0x1010
00032e   00a9     movwf   0x29             	MOVWF	r0x1010
00032f   087f     movf    0x7f, 0x0        	MOVF	STK00,W
000330   00a8     movwf   0x28             	MOVWF	r0x1011
000331   0826     movf    0x26, 0x0        	MOVF	r0x100F,W
000332   0728     addwf   0x28, 0x0        	ADDWF	r0x1011,W
000333   00a6     movwf   0x26             	MOVWF	r0x100F
000334   0829     movf    0x29, 0x0        	MOVF	r0x1010,W
000335   1803     btfsc   0x03, 0x0        	BTFSC	STATUS,0
000336   0f29     incfsz  0x29, 0x0        	INCFSZ	r0x1010,W
000337   07a7     addwf   0x27, 0x1        	ADDWF	r0x100E,F
000338   0826     movf    0x26, 0x0        	MOVF	r0x100F,W
000339   00ff     movwf   0x7f             	MOVWF	STK00
00033a   0827     movf    0x27, 0x0        	MOVF	r0x100E,W
                                           ;	.line	76; "labo1.c"	}
00033b   0008     return                   	RETURN	
                                           ; exit point of _get_rand
                                           
                                           
                                           ;	code size estimation:
                                           ;	  513+  120 =   633 instructions ( 1506 byte)
                                           
                                           	end
